
$ curl -s --connect-timeout 5 -o /dev/null -w '%{http_code}\n' -H 'Host: nextcloud.local' http://127.0.0.1/
302

$ tail -n 60 /var/log/apache2/nextcloud.local-error.log


$ echo '--- /var/log/apache2/nextcloud.local-error.log (last 200 lines) ---'; tail -n 200 /var/log/apache2/nextcloud.local-error.log 2>/dev/null || true; echo '--- /var/www/nextcloud/data/nextcloud.log (last 200 lines) ---'; tail -n 200 /var/www/nextcloud/data/nextcloud.log 2>/dev/null || true
[TERMINAL SUMMARY]
The log shows multiple PHP deprecation warnings related to passing null to json_decode() in the richdocuments app (CapabilitiesService.php line 142). The bruteForce app triggered loading of lazy AppConfig values, causing RuntimeExceptions in AppConfig.php. Several admin_audit console commands were executed: "status," "config:system:get datadirectory," "app:list," and "app:disable bruteforcesettings." The bruteforcesettings app was successfully disabled. The Nextcloud version is 31.0.7.1, and requests mainly came from localhost (127.0.0.1) using curl 8.5.0.
[TERMINAL TAIL]
:"2025-09-04T09:42:57+00:00","remoteAddr":"","user":"--","app":"admin_audit","method":"","url":"--","message":"Console command executed: app:disable bruteforcesettings","userAgent":"--","version":"31.0.7.1","data":{"app":"admin_audit"}}
{"reqId":"jGrVCPM5h7U6AqOVPTvX","level":1,"time":"2025-09-04T09:42:57+00:00","remoteAddr":"","user":"--","app":"admin_audit","method":"","url":"--","message":"App \"bruteforcesettings\" disabled","userAgent":"--","version":"31.0.7.1","data":{"app":"admin_audit"}}

$ curl -s --connect-timeout 5 -o /dev/null -w '%{http_code}\n' -H 'Host: nextcloud.local' http://127.0.0.1/
302

$ curl -I -s --connect-timeout 5 -H 'Host: nextcloud.local' http://127.0.0.1/
HTTP/1.1 302 Found

Date: Thu, 04 Sep 2025 10:07:22 GMT

Server: Apache/2.4.58 (Ubuntu)

Set-Cookie: ocznfdez0yoo=hoi2a05bnikl68ohf6089kp6bd; path=/; HttpOnly; SameSite=Lax

Set-Cookie: oc_sessionPassphrase=tJScv%2BAP3OUYeu02xzQEjerOKASSF1X7vtuCQ43SJuS3ott4PdOz6hgCDbbvV2r%2Fpew2a8cTRCwdLffLQ%2FHdzAXPjkpyQoFy0pY9ItYfZHt86VLO%2FK5koepTnmBorgm%2B; path=/; HttpOnly; SameSite=Lax

Set-Cookie: ocznfdez0yoo=hoi2a05bnikl68ohf6089kp6bd; path=/; HttpOnly; SameSite=Lax

Content-Security-Policy: default-src 'self'; script-src 'self' 'nonce-XrmWM8ZF14b/hyAuASbK8GBURUnl7UaMREKY81SEuAE='; style-src 'self' 'unsafe-inline'; frame-src *; img-src * data: blob:; font-src 'self' data:; media-src *; connect-src *; object-src 'none'; base-uri 'self';

Referrer-Policy: no-referrer

X-Content-Type-Options: nosniff

X-Frame-Options: SAMEORIGIN

X-Permitted-Cross-Domain-Policies: none

X-Robots-Tag: noindex, nofollow

X-XSS-Protection: 1; mode=block

Set-Cookie: nc_sameSiteCookielax=true; path=/; httponly;expires=Fri, 31-Dec-2100 23:59:59 GMT; SameSite=lax

Set-Cookie: nc_sameSiteCookiestrict=true; path=/; httponly;expires=Fri, 31-Dec-2100 23:59:59 GMT; SameSite=strict

Set-Cookie: ocznfdez0yoo=hoi2a05bnikl68ohf6089kp6bd; path=/; HttpOnly; SameSite=Lax

Location: 8;;http://nextcloud.local/index.php/loginhttp://nextcloud.local/index.php/login

8;;Content-Type: text/html; charset=UTF-8

$ grep -nE 'trusted|overwrite|overwritehost|overwriteprotocol|overwrite\.cli\.url|trusted_proxies' /var/www/nextcloud/config/config.php || true
6:  'trusted_domains' => 
14:  'overwrite.cli.url' => 'http://nextcloud.local',

$ curl -s --connect-timeout 5 -o /dev/null -w '%{http_code}\n' -H 'Host: nextcloud.local' http://127.0.0.1/
302

$ head -n 80 /var/www/nextcloud/config/config.php
<?php
$CONFIG = array (
  'instanceid' => 'ocznfdez0yoo',
  'passwordsalt' => 'NeP5LxdxGlSEfgerhx6DUZJXKgzayt',
  'secret' => 'e+qYY6k0Fds4BGUb5CZfGIuu9mGJa/KMewuNX8NlWDlWb80p',
  'trusted_domains' => 
  array (
    0 => 'nextcloud.local',
    1 => 'nextclouds.local',
  ),
  'datadirectory' => '/var/www/nextcloud/data',
  'dbtype' => 'mysql',
  'version' => '31.0.7.1',
  'overwrite.cli.url' => 'http://nextcloud.local',
  'dbname' => 'nextclouddb',
  'dbhost' => 'localhost',
  'dbport' => '',
  'dbtableprefix' => 'oc_',
  'mysql.utf8mb4' => true,
  'dbuser' => 'nextcloud',
  'dbpassword' => 'passw0rd',
  'installed' => true,
  'maintenance' => false,
  'loglevel' => 0,
  'log_type_audit' => 'file',
  'logfile_audit' => '/var/www/nextcloud/data/nextcloud.log',
  'log.condition' => 
  array (
    'apps' => 
    array (
      0 => 'admin_audit',
    ),
  ),
  'redis' => 
  array (
    'host' => '127.0.0.1',
    'port' => 6379,
    'timeout' => 1.5,
  ),
  'memcache.local' => '\\OC\\Memcache\\APCu',
  'memcache.distributed' => '\\OC\\Memcache\\Redis',
);

$ /usr/bin/php /var/www/nextcloud/occ status
- installed: true
  - version: 31.0.7.1
  - versionstring: 31.0.7
  - edition: 
  - maintenance: false
  - needsDbUpgrade: false
  - productname: Nextcloud
  - extendedSupport: false

$ curl -s --connect-timeout 5 -o /dev/null -w '%{http_code}\n' -H 'Host: nextcloud.local' http://127.0.0.1/
302
